// Jest Snapshot v1, https://goo.gl/fbAQLP

exports[`Forecast Summaries renders correctly 1`] = `
<DocumentFragment>
  <div
    class="forecast-summaries"
  >
    <div
      class="forecast-summary"
      data-testid="forecast-summary"
    >
      <div
        class="forecast-summary_date"
      >
        27081988
      </div>
      <div
        class="forecast-summary_temperature"
      >
        18°C
      </div>
      <div
        class="forecast-summary_description"
      >
        stub description
      </div>
      <div
        class="forecast-summary_icon"
        data-testid="forecast-icon"
      >
        stubIcon
      </div>
    </div>
    <div
      class="forecast-summary"
      data-testid="forecast-summary"
    >
      <div
        class="forecast-summary_date"
      >
        25051992
      </div>
      <div
        class="forecast-summary_temperature"
      >
        22°C
      </div>
      <div
        class="forecast-summary_description"
      >
        stub description sequel
      </div>
      <div
        class="forecast-summary_icon"
        data-testid="forecast-icon"
      >
        stubIcon2
      </div>
    </div>
  </div>
</DocumentFragment>
`;
