// Jest Snapshot v1, https://goo.gl/fbAQLP

exports[`ForecastSummary renders the correct date, description, temperature and icon props 1`] = `[Function]`;
